Nothing to build in platform 'nand'

17:32:22 **** Incremental Build of configuration Debug for project not_gate ****
make all 
make --no-print-directory pre-build
a9-linaro-pre-build-step
 
make --no-print-directory main-build
Building file: ../src/not_gate.c
Invoking: ARM v7 gcc compiler
arm-none-eabi-gcc -Wall -O0 -g3 -c -fmessage-length=0 -MT"src/not_gate.o" -mcpu=cortex-a9 -mfpu=vfpv3 -mfloat-abi=hard -I/home/max/rp_ref/nand/vitis/nand/export/nand/sw/nand/standalone_domain/bspinclude/include -MMD -MP -MF"src/not_gate.d" -MT"src/not_gate.o" -o "src/not_gate.o" "../src/not_gate.c"
../src/not_gate.c: In function 'main':
../src/not_gate.c:29:6: warning: unused variable 'a' [-Wunused-variable]
   29 |  int a;
      |      ^
Finished building: ../src/not_gate.c
 
Building target: not_gate.elf
Invoking: ARM v7 gcc linker
arm-none-eabi-gcc -mcpu=cortex-a9 -mfpu=vfpv3 -mfloat-abi=hard -Wl,-build-id=none -specs=Xilinx.spec -Wl,-T -Wl,../src/lscript.ld -L/home/max/rp_ref/nand/vitis/nand/export/nand/sw/nand/standalone_domain/bsplib/lib -o "not_gate.elf"  ./src/not_gate.o ./src/platform.o   -Wl,--start-group,-lxil,-lgcc,-lc,--end-group
Finished building target: not_gate.elf
 
Invoking: ARM v7 Print Size
arm-none-eabi-size not_gate.elf  |tee "not_gate.elf.size"
   text	   data	    bss	    dec	    hex	filename
  20380	   1176	  22584	  44140	   ac6c	not_gate.elf
Finished building: not_gate.elf.size
 
17:32:23 **** Incremental Build of configuration Debug for project not_gate_system ****
make all 
Generating bif file for the system project
Executing command '::scw::generate_bif -xpfm /home/max/rp_ref/nand/vitis/nand/export/nand/nand.xpfm -domains standalone_domain -bifpath /home/max/rp_ref/nand/vitis/not_gate_system/Debug/system.bif' on XSCT
sdcard_gen --xpfm /home/max/rp_ref/nand/vitis/nand/export/nand/nand.xpfm --sys_config nand --bif /home/max/rp_ref/nand/vitis/not_gate_system/Debug/system.bif --bitstream /home/max/rp_ref/nand/vitis/not_gate/_ide/bitstream/main_dsn_wrapper.bit --elf /home/max/rp_ref/nand/vitis/not_gate/Debug/not_gate.elf,ps7_cortexa9_0
creating BOOT.BIN using /home/max/rp_ref/nand/vitis/not_gate/_ide/bitstream/main_dsn_wrapper.bit
Running /tools/Xilinx/Vitis/2021.1/bin/bootgen  -image /home/max/rp_ref/nand/vitis/not_gate_system/Debug/sd_card_temp/boot.bif -w -o i BOOT.BIN
